
> my-app@0.1.0 build
> next build

Ôû▓ Next.js 16.2.1 (Turbopack)
- Environments: .env.local

  Creating an optimized production build ...
Ô£ô Compiled successfully in 111s
  Running TypeScript ...
node.exe : Failed to type check.
At line:1 char:1
+ & "C:\Program Files\nodejs/node.exe" "C:\Program Files\nodejs/node_mo ...
+ ~~~~~~~~~~~~~~~~~~~~~~~~~~~~~~~~~~~~~~~~~~~~~~~~~~~~~~~~~~~~~~~~~~~~~
    + CategoryInfo          : NotSpecified: (Failed to type check.:String) [], 
    RemoteException
    + FullyQualifiedErrorId : NativeCommandError
 

./app/login/page-new.tsx:32:16
Type error: Property 'success' does not exist on type 'Promise<{ success: 
boolean; error?: string | undefined; }>'.

  [90m30 |[0m
  [90m31 |[0m     [36mconst[0m result = login(email, password);
[31m[1m>[0m [90m32 |[0m     [36mif[0m (result.success) {
  [90m   |[0m                [31m[1m^[0m
  [90m33 |[0m       setStatus([32m"Login successful. Redirecting to 
shop..."[0m);
  [90m34 |[0m       setTimeout(() => {
  [90m35 |[0m         router.push([32m"/"[0m);
Next.js build worker exited with code: 1 and signal: null
